
  .   ____          _            __ _ _
 /\\ / ___'_ __ _ _(_)_ __  __ _ \ \ \ \
( ( )\___ | '_ | '_| | '_ \/ _` | \ \ \ \
 \\/  ___)| |_)| | | | | || (_| |  ) ) ) )
  '  |____| .__|_| |_|_| |_\__, | / / / /
 =========|_|==============|___/=/_/_/_/

 :: Spring Boot ::                (v4.0.6)

2026-08-02T21:12:15.167-05:00  INFO 17044 --- [therateam] [           main] c.t.therateam.TherateamApplication       : Starting TherateamApplication using Java 21.0.7 with PID 17044 (C:\Users\setie\OneDrive\Documentos\CodeWHITE\therateamback\target\classes started by setie in C:\Users\setie\OneDrive\Documentos\CodeWHITE\therateamback)
2026-08-02T21:12:15.171-05:00  INFO 17044 --- [therateam] [           main] c.t.therateam.TherateamApplication       : No active profile set, falling back to 1 default profile: "default"
2026-08-02T21:12:15.691-05:00  INFO 17044 --- [therateam] [           main] .s.d.r.c.RepositoryConfigurationDelegate : Bootstrapping Spring Data JPA repositories in DEFAULT mode.
2026-08-02T21:12:15.796-05:00  INFO 17044 --- [therateam] [           main] .s.d.r.c.RepositoryConfigurationDelegate : Finished Spring Data repository scanning in 99 ms. Found 33 JPA repository interfaces.
2026-08-02T21:12:16.186-05:00  INFO 17044 --- [therateam] [           main] o.s.boot.tomcat.TomcatWebServer          : Tomcat initialized with port 8080 (http)
2026-08-02T21:12:16.195-05:00  INFO 17044 --- [therateam] [           main] o.apache.catalina.core.StandardService   : Starting service [Tomcat]
2026-08-02T21:12:16.195-05:00  INFO 17044 --- [therateam] [           main] o.apache.catalina.core.StandardEngine    : Starting Servlet engine: [Apache Tomcat/11.0.21]
2026-08-02T21:12:16.229-05:00  INFO 17044 --- [therateam] [           main] b.w.c.s.WebApplicationContextInitializer : Root WebApplicationContext: initialization completed in 1028 ms
2026-08-02T21:12:16.322-05:00  INFO 17044 --- [therateam] [           main] org.hibernate.orm.jpa                    : HHH008540: Processing PersistenceUnitInfo [name: default]
2026-08-02T21:12:16.352-05:00  INFO 17044 --- [therateam] [           main] org.hibernate.orm.core                   : HHH000001: Hibernate ORM core version 7.2.12.Final
2026-08-02T21:12:16.637-05:00  INFO 17044 --- [therateam] [           main] o.s.o.j.p.SpringPersistenceUnitInfo      : No LoadTimeWeaver setup: ignoring JPA class transformer
2026-08-02T21:12:16.657-05:00  INFO 17044 --- [therateam] [           main] com.zaxxer.hikari.HikariDataSource       : HikariPool-1 - Starting...
2026-08-02T21:12:16.782-05:00  INFO 17044 --- [therateam] [           main] com.zaxxer.hikari.pool.HikariPool        : HikariPool-1 - Added connection org.postgresql.jdbc.PgConnection@41a8f0d8
2026-08-02T21:12:16.783-05:00  INFO 17044 --- [therateam] [           main] com.zaxxer.hikari.HikariDataSource       : HikariPool-1 - Start completed.
2026-08-02T21:12:16.804-05:00  WARN 17044 --- [therateam] [           main] org.hibernate.orm.deprecation            : HHH90000025: PostgreSQLDialect does not need to be specified explicitly using 'hibernate.dialect' (remove the property setting and it will be selected by default)
2026-08-02T21:12:16.820-05:00  INFO 17044 --- [therateam] [           main] org.hibernate.orm.connections.pooling    : HHH10001005: Database info:
	Database JDBC URL [jdbc:postgresql://localhost:5432/BDClinicaSAAS]
	Database driver: PostgreSQL JDBC Driver
	Database dialect: PostgreSQLDialect
	Database version: 18.4
	Default catalog/schema: BDClinicaSAAS/public
	Autocommit mode: undefined/unknown
	Isolation level: READ_COMMITTED [default READ_COMMITTED]
	JDBC fetch size: none
	Pool: DataSourceConnectionProvider
	Minimum pool size: undefined/unknown
	Maximum pool size: undefined/unknown
2026-08-02T21:12:17.769-05:00  INFO 17044 --- [therateam] [           main] org.hibernate.orm.core                   : HHH000489: No JTA platform available (set 'hibernate.transaction.jta.platform' to enable JTA platform integration)
2026-08-02T21:12:17.774-05:00  INFO 17044 --- [therateam] [           main] j.LocalContainerEntityManagerFactoryBean : Initialized JPA EntityManagerFactory for persistence unit 'default'
2026-08-02T21:12:17.816-05:00  INFO 17044 --- [therateam] [           main] o.s.d.j.r.query.QueryEnhancerFactories   : Hibernate is in classpath; If applicable, HQL parser will be used.
2026-08-02T21:12:19.867-05:00  WARN 17044 --- [therateam] [           main] .s.a.UserDetailsServiceAutoConfiguration : 

Using generated security password: 15dbd34c-681b-45ad-a0f2-29f7268d1358

This generated password is for development use only. Your security configuration must be updated before running your application in production.

2026-08-02T21:12:19.872-05:00  INFO 17044 --- [therateam] [           main] r$InitializeUserDetailsManagerConfigurer : Global AuthenticationManager configured with UserDetailsService bean with name inMemoryUserDetailsManager
2026-08-02T21:12:20.218-05:00  INFO 17044 --- [therateam] [           main] o.s.boot.tomcat.TomcatWebServer          : Tomcat started on port 8080 (http) with context path '/'
2026-08-02T21:12:20.221-05:00  INFO 17044 --- [therateam] [           main] c.t.therateam.TherateamApplication       : Started TherateamApplication in 5.345 seconds (process running for 5.6)
2026-08-02T21:12:49.481-05:00  INFO 17044 --- [therateam] [nio-8080-exec-1] o.a.c.c.C.[Tomcat].[localhost].[/]       : Initializing Spring DispatcherServlet 'dispatcherServlet'
2026-08-02T21:12:49.481-05:00  INFO 17044 --- [therateam] [nio-8080-exec-1] o.s.web.servlet.DispatcherServlet        : Initializing Servlet 'dispatcherServlet'
2026-08-02T21:12:49.483-05:00  INFO 17044 --- [therateam] [nio-8080-exec-1] o.s.web.servlet.DispatcherServlet        : Completed initialization in 1 ms
2026-08-02T21:26:51.799-05:00  WARN 17044 --- [therateam] [io-8080-exec-10] ration$PageModule$WarningLoggingModifier : Serializing PageImpl instances as-is is not supported, meaning that there is no guarantee about the stability of the resulting JSON structure!
	For a stable JSON structure, please use Spring Data's PagedModel (globally via @EnableSpringDataWebSupport(pageSerializationMode = VIA_DTO))
	or Spring HATEOAS and Spring Data's PagedResourcesAssembler as documented in https://docs.spring.io/spring-data/commons/reference/repositories/core-extensions.html#core.web.pageables.

[ERROR] Failed to execute goal org.springframework.boot:spring-boot-maven-plugin:4.0.6:run (default-cli) on project therateam: Process terminated with exit code: 1 -> [Help 1]
[ERROR] 
[ERROR] To see the full stack trace of the errors, re-run Maven with the -e switch.
[ERROR] Re-run Maven using the -X switch to enable full debug logging.
[ERROR] 
[ERROR] For more information about the errors and possible solutions, please read the following articles:
[ERROR] [Help 1] http://cwiki.apache.org/confluence/display/MAVEN/MojoExecutionException
